c:\users\mllin\onedrive\documents\github\orpheus_plus\build\orpheusplus.dir\debug\pluginbrowser.obj
c:\users\mllin\onedrive\documents\github\orpheus_plus\build\orpheusplus.dir\debug\pluginmanager.obj
c:\users\mllin\onedrive\documents\github\orpheus_plus\build\orpheusplus.dir\debug\juce_core_compilationtime.obj
c:\users\mllin\onedrive\documents\github\orpheus_plus\build\orpheusplus.dir\debug\juce_gui_basics.obj
c:\users\mllin\onedrive\documents\github\orpheus_plus\build\orpheusplus.dir\debug\orpheuslookandfeel.obj
c:\users\mllin\onedrive\documents\github\orpheus_plus\build\orpheusplus.dir\debug\juce_data_structures.obj
c:\users\mllin\onedrive\documents\github\orpheus_plus\build\orpheusplus.dir\debug\appstate.obj
c:\users\mllin\onedrive\documents\github\orpheus_plus\build\orpheusplus.dir\debug\mixerprocessor.obj
c:\users\mllin\onedrive\documents\github\orpheus_plus\build\orpheusplus.dir\debug\projectmanager.obj
c:\users\mllin\onedrive\documents\github\orpheus_plus\build\orpheusplus.dir\debug\juce_audio_processors_headless.obj
c:\users\mllin\onedrive\documents\github\orpheus_plus\build\orpheusplus.dir\debug\pianorollcomponent.obj
c:\users\mllin\onedrive\documents\github\orpheus_plus\build\orpheusplus.dir\debug\mixerpanel.obj
c:\users\mllin\onedrive\documents\github\orpheus_plus\build\orpheusplus.dir\debug\audioengine.obj
c:\users\mllin\onedrive\documents\github\orpheus_plus\build\orpheusplus.dir\debug\juce_audio_devices.obj
c:\users\mllin\onedrive\documents\github\orpheus_plus\build\orpheusplus.dir\debug\juce_events.obj
c:\users\mllin\onedrive\documents\github\orpheus_plus\build\orpheusplus.dir\debug\juce_core.obj
c:\users\mllin\onedrive\documents\github\orpheus_plus\build\orpheusplus.dir\debug\transportcontroller.obj
c:\users\mllin\onedrive\documents\github\orpheus_plus\build\orpheusplus.dir\debug\juce_audio_processors_headless_ara.obj
c:\users\mllin\onedrive\documents\github\orpheus_plus\build\orpheusplus.dir\debug\juce_audio_processors_headless_lv2_libs.obj
c:\users\mllin\onedrive\documents\github\orpheus_plus\build\orpheusplus.dir\debug\juce_audio_formats.obj
c:\users\mllin\onedrive\documents\github\orpheus_plus\build\orpheusplus.dir\debug\juce_audio_processors.obj
c:\users\mllin\onedrive\documents\github\orpheus_plus\build\orpheusplus.dir\debug\juce_graphics_harfbuzz.obj
c:\users\mllin\onedrive\documents\github\orpheus_plus\build\orpheusplus.dir\debug\transportbar.obj
c:\users\mllin\onedrive\documents\github\orpheus_plus\build\orpheusplus.dir\debug\main.obj
c:\users\mllin\onedrive\documents\github\orpheus_plus\build\orpheusplus.dir\debug\juce_graphics.obj
c:\users\mllin\onedrive\documents\github\orpheus_plus\build\orpheusplus.dir\debug\juce_gui_extra.obj
c:\users\mllin\onedrive\documents\github\orpheus_plus\build\orpheusplus.dir\debug\juce_audio_basics.obj
c:\users\mllin\onedrive\documents\github\orpheus_plus\build\orpheusplus.dir\debug\maincomponent.obj
c:\users\mllin\onedrive\documents\github\orpheus_plus\build\orpheusplus.dir\debug\audioclip.obj
c:\users\mllin\onedrive\documents\github\orpheus_plus\build\orpheusplus.dir\debug\midiclip.obj
c:\users\mllin\onedrive\documents\github\orpheus_plus\build\orpheusplus.dir\debug\timelinecomponent.obj
c:\users\mllin\onedrive\documents\github\orpheus_plus\build\orpheusplus.dir\debug\juce_audio_utils.obj
c:\users\mllin\onedrive\documents\github\orpheus_plus\build\orpheusplus.dir\debug\tracklanecomponent.obj
c:\users\mllin\onedrive\documents\github\orpheus_plus\build\orpheusplus.dir\debug\juce_dsp.obj
c:\users\mllin\onedrive\documents\github\orpheus_plus\build\orpheusplus.dir\debug\masteringmodule.obj
c:\users\mllin\onedrive\documents\github\orpheus_plus\build\orpheusplus.dir\debug\multibandcompressor.obj
c:\users\mllin\onedrive\documents\github\orpheus_plus\build\orpheusplus.dir\debug\stemseparator.obj
c:\users\mllin\onedrive\documents\github\orpheus_plus\build\orpheusplus.dir\debug\autotuneprocessor.obj
c:\users\mllin\onedrive\documents\github\orpheus_plus\build\orpheusplus.dir\debug\audiocleanupprocessor.obj
c:\users\mllin\onedrive\documents\github\orpheus_plus\build\orpheusplus.dir\debug\audiotomidiconverter.obj
c:\users\mllin\onedrive\documents\github\orpheus_plus\build\orpheusplus.dir\debug\linearphaseeq.obj
c:\users\mllin\onedrive\documents\github\orpheus_plus\build\orpheusplus.dir\debug\lufsmeter.obj
c:\users\mllin\onedrive\documents\github\orpheus_plus\build\orpheusplus.dir\debug\spectrumanalyzer.obj
c:\users\mllin\onedrive\documents\github\orpheus_plus\build\orpheusplus.dir\debug\trackfaderprocessor.obj
c:\users\mllin\onedrive\documents\github\orpheus_plus\build\orpheusplus.dir\debug\clipgeneratorprocessor.obj
c:\users\mllin\onedrive\documents\github\orpheus_plus\build\orpheusplus.dir\debug\midilearnmanager.obj
c:\users\mllin\onedrive\documents\github\orpheus_plus\build\orpheusplus.dir\debug\timestretcher.obj
c:\users\mllin\onedrive\documents\github\orpheus_plus\build\orpheusplus.dir\debug\convolutionreverbprocessor.obj
c:\users\mllin\onedrive\documents\github\orpheus_plus\build\orpheusplus.dir\debug\orpheussynth.obj
c:\users\mllin\onedrive\documents\github\orpheus_plus\build\orpheusplus.dir\debug\trackprocessor.obj
c:\users\mllin\onedrive\documents\github\orpheus_plus\build\orpheusplus.dir\debug\autotunepanel.obj
c:\users\mllin\onedrive\documents\github\orpheus_plus\build\orpheusplus.dir\debug\audiocleanuppanel.obj
c:\users\mllin\onedrive\documents\github\orpheus_plus\build\orpheusplus.dir\debug\stemseparatorpanel.obj
c:\users\mllin\onedrive\documents\github\orpheus_plus\build\orpheusplus.dir\debug\tracksettingspanel.obj
c:\users\mllin\onedrive\documents\github\orpheus_plus\build\orpheusplus.dir\debug\orpheuslogger.obj
c:\users\mllin\onedrive\documents\github\orpheus_plus\build\orpheusplus.dir\debug\midigeneratorprocessor.obj
c:\users\mllin\onedrive\documents\github\orpheus_plus\build\orpheusplus.dir\debug\arpeggiatorprocessor.obj
c:\users\mllin\onedrive\documents\github\orpheus_plus\build\orpheusplus.dir\debug\audiomidisettingspanel.obj
c:\users\mllin\onedrive\documents\github\orpheus_plus\build\orpheusplus.dir\debug\transientdetector.obj
c:\users\mllin\onedrive\documents\github\orpheus_plus\build\orpheusplus.dir\debug\tempofollower.obj
c:\users\mllin\onedrive\documents\github\orpheus_plus\build\orpheusplus.dir\debug\simpledelayprocessor.obj
c:\users\mllin\onedrive\documents\github\orpheus_plus\build\orpheusplus.dir\debug\vc143.pdb
c:\users\mllin\onedrive\documents\github\orpheus_plus\build\orpheusplus.dir\debug\juce_graphics_sheenbidi.obj
c:\users\mllin\onedrive\documents\github\orpheus_plus\build\orpheusplus_artefacts\jucelibrarycode\juceheader.h
c:\users\mllin\onedrive\documents\github\orpheus_plus\build\cmakefiles\generate.stamp
c:\users\mllin\onedrive\documents\github\orpheus_plus\build\orpheusplus_artefacts\debug\orpheus plus.exe
c:\users\mllin\onedrive\documents\github\orpheus_plus\build\orpheusplus_artefacts\debug\orpheus plus.pdb
c:\users\mllin\onedrive\documents\github\orpheus_plus\build\orpheusplus.dir\debug\orpheus plus.ilk
c:\users\mllin\onedrive\documents\github\orpheus_plus\build\orpheusplus.dir\debug\orpheusplus.tlog\cl.command.1.tlog
c:\users\mllin\onedrive\documents\github\orpheus_plus\build\orpheusplus.dir\debug\orpheusplus.tlog\cl.items.tlog
c:\users\mllin\onedrive\documents\github\orpheus_plus\build\orpheusplus.dir\debug\orpheusplus.tlog\cl.read.1.tlog
c:\users\mllin\onedrive\documents\github\orpheus_plus\build\orpheusplus.dir\debug\orpheusplus.tlog\cl.write.1.tlog
c:\users\mllin\onedrive\documents\github\orpheus_plus\build\orpheusplus.dir\debug\orpheusplus.tlog\custombuild.command.1.tlog
c:\users\mllin\onedrive\documents\github\orpheus_plus\build\orpheusplus.dir\debug\orpheusplus.tlog\custombuild.read.1.tlog
c:\users\mllin\onedrive\documents\github\orpheus_plus\build\orpheusplus.dir\debug\orpheusplus.tlog\custombuild.write.1.tlog
c:\users\mllin\onedrive\documents\github\orpheus_plus\build\orpheusplus.dir\debug\orpheusplus.tlog\link.command.1.tlog
c:\users\mllin\onedrive\documents\github\orpheus_plus\build\orpheusplus.dir\debug\orpheusplus.tlog\link.read.1.tlog
c:\users\mllin\onedrive\documents\github\orpheus_plus\build\orpheusplus.dir\debug\orpheusplus.tlog\link.secondary.1.tlog
c:\users\mllin\onedrive\documents\github\orpheus_plus\build\orpheusplus.dir\debug\orpheusplus.tlog\link.write.1.tlog
